// Vitest Snapshot v1

exports[`acorn > test 1`] = `"FunctionDeclaration"`;
